===== BUILD 2026-10-06T22:43:19Z =====
build-tools: /usr/local/lib/android/sdk/build-tools/37.0.0
platform:    /usr/local/lib/android/sdk/platforms/android-37.2
android.jar: ok
--- 1. aapt2 compile ---
res.zip: 2174
--- 2. aapt2 link ---
unsigned: 3052
--- 3. javac ---
fontes: 4
Note: Some input files use or override a deprecated API.
Note: Recompile with -Xlint:deprecation for details.
classes: 36
--- 4. d8 ---
entradas: 36
total 44
-rw-r--r-- 1 runner runner 42840 Oct  6 22:43 classes.dex
--- 5. dex no apk ---
Archive:  build/stack.apk
  Length      Date    Time    Name
---------  ---------- -----   ----
     3172  1980-01-01 00:00   AndroidManifest.xml
      568  1980-01-01 00:00   res/drawable/ic_launcher_bg.xml
     1336  1980-01-01 00:00   resources.arsc
    42840  2026-10-06 22:43   classes.dex
---------                     -------
    47916                     4 files
--- 6. zipalign ---
alinhado: 24785
--- 7. assinar ---
	for: CN=CamPro, OU=Dev, O=Thiairo, L=SP, C=BR
[Storing build/campro.keystore]
assinado: 33244
--- 8. verificar ---
V3.0 Signer: certificate DN: CN=CamPro, OU=Dev, O=Thiairo, L=SP, C=BR
V3.0 Signer: certificate SHA-256 digest: f1b16cd7eda0f883a8280ea7975482484102423a50cca5d9aa4c6e3a181c7df7
V3.0 Signer: certificate SHA-1 digest: 05ef4c990eed5e99680f0bbf8cf58be52f67ce49
V3.0 Signer: certificate MD5 digest: 1d4a237ab1a262d846f2491f76585e6e
===== FIM =====
